/root/miniconda/envs/server/bin/python
